
=== Step 1: Navigate to Interview Prep List ===
CONSOLE: Generated new user ID: user_cc6e6141-11c8-4731-83c1-f92cbf746c73

=== Checking for existing interview preps ===
X No interview preps found.
Creating a test interview prep first...
X No tailored resumes found either.
Please create a tailored resume first, then run this test again.

=== Press Enter to close browser ===
